MPLINK 5.09, LINKER
Linker Map File - Created Thu Feb 27 13:49:37 2020

                                 Section Info
                  Section       Type    Address   Location Size(Bytes)
                ---------  ---------  ---------  ---------  ---------
                   .org_0       code   0x000000    program   0x000004
                   .cinit    romdata   0x000004    program   0x000002
                   .org_1       code   0x000008    program   0x00005e
.config_300001_BUILD/DEFAULT/PRODUCTION/BASETIE    romdata   0x300001    program   0x000001
.config_300003_BUILD/DEFAULT/PRODUCTION/BASETIE    romdata   0x300003    program   0x000001
.config_300005_BUILD/DEFAULT/PRODUCTION/BASETIE    romdata   0x300005    program   0x000001
.config_300006_BUILD/DEFAULT/PRODUCTION/BASETIE    romdata   0x300006    program   0x000001



                              Program Memory Usage 
                               Start         End      
                           ---------   ---------      
                            0x000000    0x000005      
                            0x000008    0x000065      
                            0x300001    0x300001      
                            0x300003    0x300003      
                            0x300005    0x300006      
            104 out of 33048 program addresses used, program memory utilization is 0%



                              Symbols - Sorted by Name
                     Name    Address   Location    Storage File                     
                ---------  ---------  ---------  --------- ---------                
                    Final   0x000050    program     static D:\OneDrive\OneDrive - Universidad de Guanajuato\Trabajos de 6 semestre\Microcontroladores\baseTiempo.X\baseTiempo.asm
                    INTHP   0x00003c    program     static D:\OneDrive\OneDrive - Universidad de Guanajuato\Trabajos de 6 semestre\Microcontroladores\baseTiempo.X\baseTiempo.asm
                 MainLoop   0x000032    program     static D:\OneDrive\OneDrive - Universidad de Guanajuato\Trabajos de 6 semestre\Microcontroladores\baseTiempo.X\baseTiempo.asm
                  Retardo   0x000058    program     static D:\OneDrive\OneDrive - Universidad de Guanajuato\Trabajos de 6 semestre\Microcontroladores\baseTiempo.X\baseTiempo.asm
                    Start   0x00000c    program     static D:\OneDrive\OneDrive - Universidad de Guanajuato\Trabajos de 6 semestre\Microcontroladores\baseTiempo.X\baseTiempo.asm



                              Symbols - Sorted by Address
                     Name    Address   Location    Storage File                     
                ---------  ---------  ---------  --------- ---------                
                    Start   0x00000c    program     static D:\OneDrive\OneDrive - Universidad de Guanajuato\Trabajos de 6 semestre\Microcontroladores\baseTiempo.X\baseTiempo.asm
                 MainLoop   0x000032    program     static D:\OneDrive\OneDrive - Universidad de Guanajuato\Trabajos de 6 semestre\Microcontroladores\baseTiempo.X\baseTiempo.asm
                    INTHP   0x00003c    program     static D:\OneDrive\OneDrive - Universidad de Guanajuato\Trabajos de 6 semestre\Microcontroladores\baseTiempo.X\baseTiempo.asm
                    Final   0x000050    program     static D:\OneDrive\OneDrive - Universidad de Guanajuato\Trabajos de 6 semestre\Microcontroladores\baseTiempo.X\baseTiempo.asm
                  Retardo   0x000058    program     static D:\OneDrive\OneDrive - Universidad de Guanajuato\Trabajos de 6 semestre\Microcontroladores\baseTiempo.X\baseTiempo.asm


